[2026-05-22 14:12:30] Error: listen EADDRINUSE: address already in use :::3001
    at Server.setupListenHandle [as _listen2] (node:net:1940:16)
    at listenInCluster (node:net:1997:12)
    at Server.listen (node:net:2102:7)
    at Function.listen (/Users/kgosimoraloii/Documents/GitHub/UptimeKumar/node_modules/express/lib/application.js:635:24)
    at /Users/kgosimoraloii/Documents/GitHub/UptimeKumar/server/setup-database.js:326:33
    at new Promise (<anonymous>)
    at SetupDatabase.start (/Users/kgosimoraloii/Documents/GitHub/UptimeKumar/server/setup-database.js:137:16)
    at /Users/kgosimoraloii/Documents/GitHub/UptimeKumar/server/server.js:220:29
    at Object.<anonymous> (/Users/kgosimoraloii/Documents/GitHub/UptimeKumar/server/server.js:1760:3)
    at Module._compile (node:internal/modules/cjs/loader:1706:14) {
  code: 'EADDRINUSE',
  errno: -48,
  syscall: 'listen',
  address: '::',
  port: 3001
}
[2026-05-22 14:18:09] Error: listen EADDRINUSE: address already in use :::3001
    at Server.setupListenHandle [as _listen2] (node:net:1940:16)
    at listenInCluster (node:net:1997:12)
    at Server.listen (node:net:2102:7)
    at Function.listen (/Users/kgosimoraloii/Documents/GitHub/UptimeKumar/node_modules/express/lib/application.js:635:24)
    at /Users/kgosimoraloii/Documents/GitHub/UptimeKumar/server/setup-database.js:326:33
    at new Promise (<anonymous>)
    at SetupDatabase.start (/Users/kgosimoraloii/Documents/GitHub/UptimeKumar/server/setup-database.js:137:16)
    at /Users/kgosimoraloii/Documents/GitHub/UptimeKumar/server/server.js:220:29
    at Object.<anonymous> (/Users/kgosimoraloii/Documents/GitHub/UptimeKumar/server/server.js:1760:3)
    at Module._compile (node:internal/modules/cjs/loader:1706:14) {
  code: 'EADDRINUSE',
  errno: -48,
  syscall: 'listen',
  address: '::',
  port: 3001
}
